../src/native_libs/stdlib.cpp: In function 'std::string get_input(const std::string&)':
../src/native_libs/stdlib.cpp:19:49: warning: unused parameter 'promptMsg' [-Wunused-parameter]
   19 | inline std::string get_input(const std::string& promptMsg = "") {
      |                              ~~~~~~~~~~~~~~~~~~~^~~~~~~~~~~~~~
../src/native_libs/stdlib.cpp: In lambda function:
../src/native_libs/stdlib.cpp:71:40: warning: unused parameter 'args' [-Wunused-parameter]
   71 |     {"oprire", [](const vector<Value>& args) {
      |                   ~~~~~~~~~~~~~~~~~~~~~^~~~
../src/native_libs/stdfisier.cpp: In function 'std::string get_input(const std::string&)':
../src/native_libs/stdfisier.cpp:19:49: warning: unused parameter 'promptMsg' [-Wunused-parameter]
   19 | inline std::string get_input(const std::string& promptMsg = "") {
      |                              ~~~~~~~~~~~~~~~~~~~^~~~~~~~~~~~~~
../src/native_libs/stdmatematica.cpp: In function 'std::string get_input(const std::string&)':
../src/native_libs/stdmatematica.cpp:19:49: warning: unused parameter 'promptMsg' [-Wunused-parameter]
   19 | inline std::string get_input(const std::string& promptMsg = "") {
      |                              ~~~~~~~~~~~~~~~~~~~^~~~~~~~~~~~~~
../src/native_libs/stdvector.cpp: In function 'std::string get_input(const std::string&)':
../src/native_libs/stdvector.cpp:19:49: warning: unused parameter 'promptMsg' [-Wunused-parameter]
   19 | inline std::string get_input(const std::string& promptMsg = "") {
      |                              ~~~~~~~~~~~~~~~~~~~^~~~~~~~~~~~~~
../src/native_libs/stdvector.cpp: In lambda function:
../src/native_libs/stdvector.cpp:102:32: warning: comparison of integer expressions of different signedness: 'int' and 'std::vector<RecursiveValue>::size_type' {aka 'long long unsigned int'} [-Wsign-compare]
  102 |         if (index < 0 || index >= vec->size())
      |                          ~~~~~~^~~~~~~~~~~~~~
../src/parser.cpp:295:9: warning: '/*' within comment [-Wcomment]
  295 |         /**
In file included from ../src/parser.cpp:16:
../src/parser.h: In member function 'virtual Value ASTNode::eval()':
../src/parser.h:42:39: warning: no return statement in function returning non-void [-Wreturn-type]
   42 |                 virtual Value eval() {}; // pure virtual function for evaluation
      |                                       ^
../src/parser.h: In member function 'virtual Value Expr::eval()':
../src/parser.h:49:66: warning: no return statement in function returning non-void [-Wreturn-type]
   49 |                 Value eval() override { cout<<"Base Expression"; }; // pure virtual function for evaluation
      |                                                                  ^
../src/parser.h: In member function 'virtual void Expr::get(int) const':
../src/parser.h:52:30: warning: unused parameter 'indent' [-Wunused-parameter]
   52 |                 void get(int indent = 0) const override {}
      |                          ~~~~^~~~~~~~~~
../src/parser.h: In member function 'virtual void ImportStatement::get(int) const':
../src/parser.h:65:30: warning: unused parameter 'indent' [-Wunused-parameter]
   65 |                 void get(int indent=0) const override {
      |                          ~~~~^~~~~~~~
../src/parser.h: In member function 'virtual void PrintStatement::get(int) const':
../src/parser.h:80:30: warning: unused parameter 'indent' [-Wunused-parameter]
   80 |                 void get(int indent=0) const override {
      |                          ~~~~^~~~~~~~
../src/parser.h: In member function 'virtual void AssignStatement::get(int) const':
../src/parser.h:100:30: warning: unused parameter 'indent' [-Wunused-parameter]
  100 |                 void get(int indent=0) const override {
      |                          ~~~~^~~~~~~~
../src/parser.h: In constructor 'ForStatement::ForStatement(ASTNode*, Expr*, std::vector<ASTNode*>, ASTNode*)':
../src/parser.h:235:26: warning: 'ForStatement::init_block' will be initialized after [-Wreorder]
  235 |                 ASTNode *init_block,*assign_block;
      |                          ^~~~~~~~~~
../src/parser.h:233:23: warning:   'Expr* ForStatement::expr' [-Wreorder]
  233 |                 Expr* expr;
      |                       ^~~~
../src/parser.h:237:17: warning:   when initialized here [-Wreorder]
  237 |                 ForStatement(ASTNode* ib, Expr* e, vector<ASTNode*> block, ASTNode* ab) : init_block(ib), expr(e), block(block), assign_block(ab) {}
      |                 ^~~~~~~~~~~~
../src/parser.h: In member function 'virtual void InputStatement::get(int) const':
../src/parser.h:259:30: warning: unused parameter 'indent' [-Wunused-parameter]
  259 |                 void get(int indent=0) const override {
      |                          ~~~~^~~~~~~~
../src/parser.h: In member function 'virtual void ReturnStatement::get(int) const':
../src/parser.h:272:30: warning: unused parameter 'indent' [-Wunused-parameter]
  272 |                 void get(int indent=0) const override {
      |                          ~~~~^~~~~~~~
../src/parser.h: In member function 'virtual void FunctionDefinition::get(int) const':
../src/parser.h:293:22: warning: unused parameter 'indent' [-Wunused-parameter]
  293 |         void get(int indent=0) const override {}
      |                  ~~~~^~~~~~~~
../src/parser.h: In member function 'virtual void FunctionCall::get(int) const':
../src/parser.h:359:22: warning: unused parameter 'indent' [-Wunused-parameter]
  359 |         void get(int indent = 0) const override {}
      |                  ~~~~^~~~~~~~~~
../src/parser.h: In member function 'virtual void VariableDeclaration::get(int) const':
../src/parser.h:379:30: warning: unused parameter 'indent' [-Wunused-parameter]
  379 |                 void get(int indent=0) const override {
      |                          ~~~~^~~~~~~~
../src/parser.h: In member function 'virtual void IntLiteral::get(int) const':
../src/parser.h:401:22: warning: unused parameter 'indent' [-Wunused-parameter]
  401 |         void get(int indent = 0) const override {}
      |                  ~~~~^~~~~~~~~~
../src/parser.h: In member function 'virtual void BoolLiteral::get(int) const':
../src/parser.h:415:22: warning: unused parameter 'indent' [-Wunused-parameter]
  415 |         void get(int indent = 0) const override {}
      |                  ~~~~^~~~~~~~~~
../src/parser.h: In member function 'virtual void FloatLiteral::get(int) const':
../src/parser.h:429:22: warning: unused parameter 'indent' [-Wunused-parameter]
  429 |         void get(int indent = 0) const override {}
      |                  ~~~~^~~~~~~~~~
../src/parser.h: In member function 'virtual void StringLiteral::get(int) const':
../src/parser.h:443:22: warning: unused parameter 'indent' [-Wunused-parameter]
  443 |         void get(int indent = 0) const override {}
      |                  ~~~~^~~~~~~~~~
../src/parser.h: In member function 'virtual void ListLiteral::get(int) const':
../src/parser.h:464:22: warning: unused parameter 'indent' [-Wunused-parameter]
  464 |         void get(int indent = 0) const override {}
      |                  ~~~~^~~~~~~~~~
../src/parser.h: In member function 'virtual void ListIndex::get(int) const':
../src/parser.h:499:22: warning: unused parameter 'indent' [-Wunused-parameter]
  499 |         void get(int indent = 0) const override {}
      |                  ~~~~^~~~~~~~~~
../src/parser.h: In member function 'virtual void Refrence::get(int) const':
../src/parser.h:509:22: warning: unused parameter 'indent' [-Wunused-parameter]
  509 |         void get(int indent = 0) const override {}
      |                  ~~~~^~~~~~~~~~
../src/parser.h: In member function 'virtual Expr* UnaryExpr::clone() const':
../src/parser.h:544:39: warning: no return statement in function returning non-void [-Wreturn-type]
  544 |         Expr* clone() const override {}
      |                                       ^
../src/parser.h: In constructor 'BinaryExpr::BinaryExpr(Expr*, std::string, Expr*)':
../src/parser.h:555:17: warning: 'BinaryExpr::op' will be initialized after [-Wreorder]
  555 |     std::string op;
      |                 ^~
../src/parser.h:554:11: warning:   'Expr* BinaryExpr::right' [-Wreorder]
  554 |     Expr* right;
      |           ^~~~~
../src/parser.h:556:9: warning:   when initialized here [-Wreorder]
  556 |         BinaryExpr(Expr* l, string o, Expr* r) : left(l), op(move(o)), right(r) {}
      |         ^~~~~~~~~~
../src/parser.h: In member function 'virtual void BinaryExpr::get(int) const':
../src/parser.h:558:22: warning: unused parameter 'indent' [-Wunused-parameter]
  558 |         void get(int indent = 0) const override {}
      |                  ~~~~^~~~~~~~~~
../src/parser.cpp: In function 'Expr* parse_primary_expression(const std::vector<Token>&, int&)':
../src/parser.cpp:128:13: warning: comparison of integer expressions of different signedness: 'int' and 'std::vector<Token>::size_type' {aka 'long long unsigned int'} [-Wsign-compare]
  128 |     if (idx >= tokens.size()) return nullptr;
      |         ~~~~^~~~~~~~~~~~~~~~
../src/parser.cpp:153:17: warning: comparison of integer expressions of different signedness: 'int' and 'std::vector<Token>::size_type' {aka 'long long unsigned int'} [-Wsign-compare]
  153 |         if (idx < tokens.size() && tokens[idx].type == "LPAREN") {
      |             ~~~~^~~~~~~~~~~~~~~
../src/parser.cpp:157:28: warning: comparison of integer expressions of different signedness: 'int' and 'std::vector<Token>::size_type' {aka 'long long unsigned int'} [-Wsign-compare]
  157 |                 while (idx < tokens.size() && tokens[idx].type != "RPAREN") {
      |                        ~~~~^~~~~~~~~~~~~~~
../src/parser.cpp:162:21: warning: comparison of integer expressions of different signedness: 'int' and 'std::vector<Token>::size_type' {aka 'long long unsigned int'} [-Wsign-compare]
  162 |             if (idx >= tokens.size() || tokens[idx].type != "RPAREN") {
      |                 ~~~~^~~~~~~~~~~~~~~~
../src/parser.cpp:173:32: warning: comparison of integer expressions of different signedness: 'int' and 'std::vector<Token>::size_type' {aka 'long long unsigned int'} [-Wsign-compare]
  173 |                 } else if (idx < tokens.size() && tokens[idx].type == "LBRACKET") {
      |                            ~~~~^~~~~~~~~~~~~~~
../src/parser.cpp:176:36: warning: comparison of integer expressions of different signedness: 'int' and 'std::vector<Token>::size_type' {aka 'long long unsigned int'} [-Wsign-compare]
  176 |                         while (idx < tokens.size() && tokens[idx].type != "RBRACKET")
      |                                ~~~~^~~~~~~~~~~~~~~
../src/parser.cpp:208:28: warning: comparison of integer expressions of different signedness: 'int' and 'std::vector<Token>::size_type' {aka 'long long unsigned int'} [-Wsign-compare]
  208 |                 while (idx < tokens.size() && tokens[idx].type != "RBRACKET")
      |                        ~~~~^~~~~~~~~~~~~~~
../src/parser.cpp:221:33: warning: comparison of integer expressions of different signedness: 'int' and 'std::vector<Token>::size_type' {aka 'long long unsigned int'} [-Wsign-compare]
  221 |                         if (idx < tokens.size() && tokens[idx].type == "COMMA") idx++; // consume ','
      |                             ~~~~^~~~~~~~~~~~~~~
../src/parser.cpp:228:17: warning: comparison of integer expressions of different signedness: 'int' and 'std::vector<Token>::size_type' {aka 'long long unsigned int'} [-Wsign-compare]
  228 |         if (idx >= tokens.size() || tokens[idx].type != "RPAREN") {
      |             ~~~~^~~~~~~~~~~~~~~~
../src/parser.cpp: In function 'Expr* parse_rhs_expression(int, Expr*, const std::vector<Token>&, int&)':
../src/parser.cpp:255:20: warning: comparison of integer expressions of different signedness: 'int' and 'std::vector<Token>::size_type' {aka 'long long unsigned int'} [-Wsign-compare]
  255 |         while (idx < tokens.size()) {
      |                ~~~~^~~~~~~~~~~~~~~
../src/parser.cpp:266:20: warning: comparison of integer expressions of different signedness: 'int' and 'std::vector<Token>::size_type' {aka 'long long unsigned int'} [-Wsign-compare]
  266 |         while (idx < tokens.size() && tokens[idx].type == "OP" &&
      |                ~~~~^~~~~~~~~~~~~~~
../src/parser.cpp: In function 'Expr* parse_expression(const std::vector<Token>&, int&)':
../src/parser.cpp:285:17: warning: comparison of integer expressions of different signedness: 'int' and 'std::vector<Token>::size_type' {aka 'long long unsigned int'} [-Wsign-compare]
  285 |         if (idx >= tokens.size()) return nullptr;
      |             ~~~~^~~~~~~~~~~~~~~~
../src/parser.cpp: In function 'void parse_return_statement(const std::vector<Token>&, int&, std::vector<ASTNode*>&)':
../src/parser.cpp:320:16: warning: comparison of integer expressions of different signedness: 'int' and 'std::vector<Token>::size_type' {aka 'long long unsigned int'} [-Wsign-compare]
  320 |         if (idx<tokens.size()) {
      |             ~~~^~~~~~~~~~~~~~
../src/parser.cpp:325:33: warning: comparison of integer expressions of different signedness: 'int' and 'std::vector<Token>::size_type' {aka 'long long unsigned int'} [-Wsign-compare]
  325 |                         if (idx < tokens.size() && tokens[idx].type == "NLINE") idx++; // consume new line
      |                             ~~~~^~~~~~~~~~~~~~~
../src/parser.cpp: In function 'void parse_variable_declaration(const std::vector<Token>&, int&, std::vector<ASTNode*>&)':
../src/parser.cpp:371:16: warning: comparison of integer expressions of different signedness: 'int' and 'std::vector<Token>::size_type' {aka 'long long unsigned int'} [-Wsign-compare]
  371 |         if (idx<tokens.size() && (tokens[idx].type=="NLINE"||tokens[idx].type=="COMMA"||tokens[idx].value==";"||tokens[idx].value==")")) {
      |             ~~~^~~~~~~~~~~~~~
../src/parser.cpp:401:23: warning: comparison of integer expressions of different signedness: 'int' and 'std::vector<Token>::size_type' {aka 'long long unsigned int'} [-Wsign-compare]
  401 |         } else if (idx<tokens.size()) {
      |                    ~~~^~~~~~~~~~~~~~
../src/parser.cpp:408:42: warning: unused variable 'listLiteral' [-Wunused-variable]
  408 |                                 if (auto listLiteral = dynamic_cast<ListLiteral*>(expr)) {node = new VariableDeclaration("LIST", name, expr);}
      |                                          ^~~~~~~~~~~
../src/parser.cpp: In function 'void parse_assignment_statement(const std::vector<Token>&, int&, std::vector<ASTNode*>&)':
../src/parser.cpp:456:28: warning: comparison of integer expressions of different signedness: 'int' and 'std::vector<Token>::size_type' {aka 'long long unsigned int'} [-Wsign-compare]
  456 |                 while (idx < tokens.size() && tokens[idx].type != "RBRACKET") {
      |                        ~~~~^~~~~~~~~~~~~~~
../src/parser.cpp:582:16: warning: comparison of integer expressions of different signedness: 'int' and 'std::vector<Token>::size_type' {aka 'long long unsigned int'} [-Wsign-compare]
  582 |         if (idx<tokens.size()) {
      |             ~~~^~~~~~~~~~~~~~
../src/parser.cpp: In function 'void parse_fc_statement(const std::vector<Token>&, int&, std::vector<ASTNode*>&)':
../src/parser.cpp:615:16: warning: comparison of integer expressions of different signedness: 'int' and 'std::vector<Token>::size_type' {aka 'long long unsigned int'} [-Wsign-compare]
  615 |         if (idx<tokens.size() && tokens[idx].type=="LPAREN") {
      |             ~~~^~~~~~~~~~~~~~
../src/parser.cpp:618:28: warning: comparison of integer expressions of different signedness: 'int' and 'std::vector<Token>::size_type' {aka 'long long unsigned int'} [-Wsign-compare]
  618 |                 while (idx < tokens.size() && tokens[idx].type != "RPAREN") {
      |                        ~~~~^~~~~~~~~~~~~~~
../src/parser.cpp:631:33: warning: comparison of integer expressions of different signedness: 'int' and 'std::vector<Token>::size_type' {aka 'long long unsigned int'} [-Wsign-compare]
  631 |                         if (idx < tokens.size() && tokens[idx].type == "COMMA") {
      |                             ~~~~^~~~~~~~~~~~~~~
../src/parser.cpp: In function 'void parse_print_statement(const std::vector<Token>&, int&, std::vector<ASTNode*>&)':
../src/parser.cpp:662:16: warning: comparison of integer expressions of different signedness: 'int' and 'std::vector<Token>::size_type' {aka 'long long unsigned int'} [-Wsign-compare]
  662 |         if (idx<tokens.size()) {
      |             ~~~^~~~~~~~~~~~~~
../src/parser.cpp: In function 'void parse_fd_statement(const std::vector<Token>&, int&, std::vector<ASTNode*>&)':
../src/parser.cpp:692:16: warning: comparison of integer expressions of different signedness: 'int' and 'std::vector<Token>::size_type' {aka 'long long unsigned int'} [-Wsign-compare]
  692 |         if (idx<tokens.size() && tokens[idx].type=="ID") {
      |             ~~~^~~~~~~~~~~~~~
../src/parser.cpp:707:35: warning: comparison of integer expressions of different signedness: 'int' and 'std::vector<Token>::size_type' {aka 'long long unsigned int'} [-Wsign-compare]
  707 |                         while (idx<tokens.size()){
      |                                ~~~^~~~~~~~~~~~~~
../src/parser.cpp: In function 'void parse_input_statement(const std::vector<Token>&, int&, std::vector<ASTNode*>&)':
../src/parser.cpp:741:16: warning: comparison of integer expressions of different signedness: 'int' and 'std::vector<Token>::size_type' {aka 'long long unsigned int'} [-Wsign-compare]
  741 |         if (idx<tokens.size() && tokens[idx].type=="ID") {
      |             ~~~^~~~~~~~~~~~~~
../src/parser.cpp: In function 'void parse_while_statement(const std::vector<Token>&, int&, std::vector<ASTNode*>&)':
../src/parser.cpp:860:16: warning: comparison of integer expressions of different signedness: 'int' and 'std::vector<Token>::size_type' {aka 'long long unsigned int'} [-Wsign-compare]
  860 |         if (idx<tokens.size() && tokens[idx].type=="LPAREN") {
      |             ~~~^~~~~~~~~~~~~~
../src/parser.cpp: In function 'void parse_import_statement(const std::vector<Token>&, int&, std::vector<ASTNode*>&)':
../src/parser.cpp:974:16: warning: comparison of integer expressions of different signedness: 'int' and 'std::vector<Token>::size_type' {aka 'long long unsigned int'} [-Wsign-compare]
  974 |         if (idx<tokens.size() && tokens[idx].type=="STRING") {
      |             ~~~^~~~~~~~~~~~~~
../src/parser.cpp:999:16: warning: comparison of integer expressions of different signedness: 'int' and 'std::vector<Token>::size_type' {aka 'long long unsigned int'} [-Wsign-compare]
  999 |         if (idx<tokens.size() && tokens[idx].value==";") {
      |             ~~~^~~~~~~~~~~~~~
../src/parser.cpp:1009:23: warning: comparison of integer expressions of different signedness: 'int' and 'std::vector<Token>::size_type' {aka 'long long unsigned int'} [-Wsign-compare]
 1009 |         } else if (idx<tokens.size() && tokens[idx].type=="KEYWORD" && tokens[idx].value=="ca") {
      |                    ~~~^~~~~~~~~~~~~~
../src/parser.cpp:1011:24: warning: comparison of integer expressions of different signedness: 'int' and 'std::vector<Token>::size_type' {aka 'long long unsigned int'} [-Wsign-compare]
 1011 |                 if (idx<tokens.size() && tokens[idx].type=="ID") {
      |                     ~~~^~~~~~~~~~~~~~
../src/parser.cpp:1018:32: warning: comparison of integer expressions of different signedness: 'int' and 'std::vector<Token>::size_type' {aka 'long long unsigned int'} [-Wsign-compare]
 1018 |                         if (idx<tokens.size() && tokens[idx].value==";") {
      |                             ~~~^~~~~~~~~~~~~~
../src/parser.cpp: In function 'void parse_if_statement(const std::vector<Token>&, int&, std::vector<ASTNode*>&)':
../src/parser.cpp:1065:16: warning: comparison of integer expressions of different signedness: 'int' and 'std::vector<Token>::size_type' {aka 'long long unsigned int'} [-Wsign-compare]
 1065 |         if (idx<tokens.size() && tokens[idx].type=="LPAREN") {
      |             ~~~^~~~~~~~~~~~~~
../src/parser.cpp:1075:28: warning: comparison of integer expressions of different signedness: 'int' and 'std::vector<Token>::size_type' {aka 'long long unsigned int'} [-Wsign-compare]
 1075 |                 while (idx < tokens.size() && tokens[idx].type == "KEYWORD" && tokens[idx].value == "altfel") {
      |                        ~~~~^~~~~~~~~~~~~~~
../src/parser.cpp:1077:33: warning: comparison of integer expressions of different signedness: 'int' and 'std::vector<Token>::size_type' {aka 'long long unsigned int'} [-Wsign-compare]
 1077 |                         if (idx < tokens.size() && tokens[idx].value == "daca") {
      |                             ~~~~^~~~~~~~~~~~~~~
../src/parser.cpp: In function 'std::vector<ASTNode*> parse(std::vector<std::pair<std::__cxx11::basic_string<char>, std::__cxx11::basic_string<char> > >, std::vector<int>)':
../src/parser.cpp:1132:19: warning: comparison of integer expressions of different signedness: 'int' and 'std::vector<Token>::size_type' {aka 'long long unsigned int'} [-Wsign-compare]
 1132 |         while (idx<stream.tokens.size()){
      |                ~~~^~~~~~~~~~~~~~~~~~~~~
../src/parser.cpp: In function 'std::vector<ASTNode*> parse_block(std::vector<Token>, int&)':
../src/parser.cpp:1182:17: warning: comparison of integer expressions of different signedness: 'int' and 'std::vector<Token>::size_type' {aka 'long long unsigned int'} [-Wsign-compare]
 1182 |         if (idx >= tokens.size() || tokens[idx].type != "LBRACE") {
      |             ~~~~^~~~~~~~~~~~~~~~
../src/parser.cpp:1196:19: warning: comparison of integer expressions of different signedness: 'int' and 'std::vector<Token>::size_type' {aka 'long long unsigned int'} [-Wsign-compare]
 1196 |         while (idx<tokens.size()){
      |                ~~~^~~~~~~~~~~~~~
In file included from ../src/interpreter.h:1,
                 from ../src/interpreter.cpp:1:
../src/parser.h: In member function 'virtual Value ASTNode::eval()':
../src/parser.h:42:39: warning: no return statement in function returning non-void [-Wreturn-type]
   42 |                 virtual Value eval() {}; // pure virtual function for evaluation
      |                                       ^
../src/parser.h: In member function 'virtual Value Expr::eval()':
../src/parser.h:49:66: warning: no return statement in function returning non-void [-Wreturn-type]
   49 |                 Value eval() override { cout<<"Base Expression"; }; // pure virtual function for evaluation
      |                                                                  ^
../src/parser.h: In member function 'virtual void Expr::get(int) const':
../src/parser.h:52:30: warning: unused parameter 'indent' [-Wunused-parameter]
   52 |                 void get(int indent = 0) const override {}
      |                          ~~~~^~~~~~~~~~
../src/parser.h: In member function 'virtual void ImportStatement::get(int) const':
../src/parser.h:65:30: warning: unused parameter 'indent' [-Wunused-parameter]
   65 |                 void get(int indent=0) const override {
      |                          ~~~~^~~~~~~~
../src/parser.h: In member function 'virtual void PrintStatement::get(int) const':
../src/parser.h:80:30: warning: unused parameter 'indent' [-Wunused-parameter]
   80 |                 void get(int indent=0) const override {
      |                          ~~~~^~~~~~~~
../src/parser.h: In member function 'virtual void AssignStatement::get(int) const':
../src/parser.h:100:30: warning: unused parameter 'indent' [-Wunused-parameter]
  100 |                 void get(int indent=0) const override {
      |                          ~~~~^~~~~~~~
../src/parser.h: In constructor 'ForStatement::ForStatement(ASTNode*, Expr*, std::vector<ASTNode*>, ASTNode*)':
../src/parser.h:235:26: warning: 'ForStatement::init_block' will be initialized after [-Wreorder]
  235 |                 ASTNode *init_block,*assign_block;
      |                          ^~~~~~~~~~
../src/parser.h:233:23: warning:   'Expr* ForStatement::expr' [-Wreorder]
  233 |                 Expr* expr;
      |                       ^~~~
../src/parser.h:237:17: warning:   when initialized here [-Wreorder]
  237 |                 ForStatement(ASTNode* ib, Expr* e, vector<ASTNode*> block, ASTNode* ab) : init_block(ib), expr(e), block(block), assign_block(ab) {}
      |                 ^~~~~~~~~~~~
../src/parser.h: In member function 'virtual void InputStatement::get(int) const':
../src/parser.h:259:30: warning: unused parameter 'indent' [-Wunused-parameter]
  259 |                 void get(int indent=0) const override {
      |                          ~~~~^~~~~~~~
../src/parser.h: In member function 'virtual void ReturnStatement::get(int) const':
../src/parser.h:272:30: warning: unused parameter 'indent' [-Wunused-parameter]
  272 |                 void get(int indent=0) const override {
      |                          ~~~~^~~~~~~~
../src/parser.h: In member function 'virtual void FunctionDefinition::get(int) const':
../src/parser.h:293:22: warning: unused parameter 'indent' [-Wunused-parameter]
  293 |         void get(int indent=0) const override {}
      |                  ~~~~^~~~~~~~
../src/parser.h: In member function 'virtual void FunctionCall::get(int) const':
../src/parser.h:359:22: warning: unused parameter 'indent' [-Wunused-parameter]
  359 |         void get(int indent = 0) const override {}
      |                  ~~~~^~~~~~~~~~
../src/parser.h: In member function 'virtual void VariableDeclaration::get(int) const':
../src/parser.h:379:30: warning: unused parameter 'indent' [-Wunused-parameter]
  379 |                 void get(int indent=0) const override {
      |                          ~~~~^~~~~~~~
../src/parser.h: In member function 'virtual void IntLiteral::get(int) const':
../src/parser.h:401:22: warning: unused parameter 'indent' [-Wunused-parameter]
  401 |         void get(int indent = 0) const override {}
      |                  ~~~~^~~~~~~~~~
../src/parser.h: In member function 'virtual void BoolLiteral::get(int) const':
../src/parser.h:415:22: warning: unused parameter 'indent' [-Wunused-parameter]
  415 |         void get(int indent = 0) const override {}
      |                  ~~~~^~~~~~~~~~
../src/parser.h: In member function 'virtual void FloatLiteral::get(int) const':
../src/parser.h:429:22: warning: unused parameter 'indent' [-Wunused-parameter]
  429 |         void get(int indent = 0) const override {}
      |                  ~~~~^~~~~~~~~~
../src/parser.h: In member function 'virtual void StringLiteral::get(int) const':
../src/parser.h:443:22: warning: unused parameter 'indent' [-Wunused-parameter]
  443 |         void get(int indent = 0) const override {}
      |                  ~~~~^~~~~~~~~~
../src/parser.h: In member function 'virtual void ListLiteral::get(int) const':
../src/parser.h:464:22: warning: unused parameter 'indent' [-Wunused-parameter]
  464 |         void get(int indent = 0) const override {}
      |                  ~~~~^~~~~~~~~~
../src/parser.h: In member function 'virtual void ListIndex::get(int) const':
../src/parser.h:499:22: warning: unused parameter 'indent' [-Wunused-parameter]
  499 |         void get(int indent = 0) const override {}
      |                  ~~~~^~~~~~~~~~
../src/parser.h: In member function 'virtual void Refrence::get(int) const':
../src/parser.h:509:22: warning: unused parameter 'indent' [-Wunused-parameter]
  509 |         void get(int indent = 0) const override {}
      |                  ~~~~^~~~~~~~~~
../src/parser.h: In member function 'virtual Expr* UnaryExpr::clone() const':
../src/parser.h:544:39: warning: no return statement in function returning non-void [-Wreturn-type]
  544 |         Expr* clone() const override {}
      |                                       ^
../src/parser.h: In constructor 'BinaryExpr::BinaryExpr(Expr*, std::string, Expr*)':
../src/parser.h:555:17: warning: 'BinaryExpr::op' will be initialized after [-Wreorder]
  555 |     std::string op;
      |                 ^~
../src/parser.h:554:11: warning:   'Expr* BinaryExpr::right' [-Wreorder]
  554 |     Expr* right;
      |           ^~~~~
../src/parser.h:556:9: warning:   when initialized here [-Wreorder]
  556 |         BinaryExpr(Expr* l, string o, Expr* r) : left(l), op(move(o)), right(r) {}
      |         ^~~~~~~~~~
../src/parser.h: In member function 'virtual void BinaryExpr::get(int) const':
../src/parser.h:558:22: warning: unused parameter 'indent' [-Wunused-parameter]
  558 |         void get(int indent = 0) const override {}
      |                  ~~~~^~~~~~~~~~
../src/interpreter.cpp: In function 'Value interpret(std::vector<ASTNode*>, bool, bool, bool)':
../src/interpreter.cpp:159:18: warning: variable 'start' set but not used [-Wunused-but-set-variable=]
  159 |             auto start = high_resolution_clock::now();
      |                  ^~~~~
In file included from ../src/interpreter.h:1,
                 from ../src/roscript.cpp:6:
../src/parser.h: In member function 'virtual Value ASTNode::eval()':
../src/parser.h:42:39: warning: no return statement in function returning non-void [-Wreturn-type]
   42 |                 virtual Value eval() {}; // pure virtual function for evaluation
      |                                       ^
../src/parser.h: In member function 'virtual Value Expr::eval()':
../src/parser.h:49:66: warning: no return statement in function returning non-void [-Wreturn-type]
   49 |                 Value eval() override { cout<<"Base Expression"; }; // pure virtual function for evaluation
      |                                                                  ^
../src/parser.h: In member function 'virtual void Expr::get(int) const':
../src/parser.h:52:30: warning: unused parameter 'indent' [-Wunused-parameter]
   52 |                 void get(int indent = 0) const override {}
      |                          ~~~~^~~~~~~~~~
../src/parser.h: In member function 'virtual void ImportStatement::get(int) const':
../src/parser.h:65:30: warning: unused parameter 'indent' [-Wunused-parameter]
   65 |                 void get(int indent=0) const override {
      |                          ~~~~^~~~~~~~
../src/parser.h: In member function 'virtual void PrintStatement::get(int) const':
../src/parser.h:80:30: warning: unused parameter 'indent' [-Wunused-parameter]
   80 |                 void get(int indent=0) const override {
      |                          ~~~~^~~~~~~~
../src/parser.h: In member function 'virtual void AssignStatement::get(int) const':
../src/parser.h:100:30: warning: unused parameter 'indent' [-Wunused-parameter]
  100 |                 void get(int indent=0) const override {
      |                          ~~~~^~~~~~~~
../src/parser.h: In constructor 'ForStatement::ForStatement(ASTNode*, Expr*, std::vector<ASTNode*>, ASTNode*)':
../src/parser.h:235:26: warning: 'ForStatement::init_block' will be initialized after [-Wreorder]
  235 |                 ASTNode *init_block,*assign_block;
      |                          ^~~~~~~~~~
../src/parser.h:233:23: warning:   'Expr* ForStatement::expr' [-Wreorder]
  233 |                 Expr* expr;
      |                       ^~~~
../src/parser.h:237:17: warning:   when initialized here [-Wreorder]
  237 |                 ForStatement(ASTNode* ib, Expr* e, vector<ASTNode*> block, ASTNode* ab) : init_block(ib), expr(e), block(block), assign_block(ab) {}
      |                 ^~~~~~~~~~~~
../src/parser.h: In member function 'virtual void InputStatement::get(int) const':
../src/parser.h:259:30: warning: unused parameter 'indent' [-Wunused-parameter]
  259 |                 void get(int indent=0) const override {
      |                          ~~~~^~~~~~~~
../src/parser.h: In member function 'virtual void ReturnStatement::get(int) const':
../src/parser.h:272:30: warning: unused parameter 'indent' [-Wunused-parameter]
  272 |                 void get(int indent=0) const override {
      |                          ~~~~^~~~~~~~
../src/parser.h: In member function 'virtual void FunctionDefinition::get(int) const':
../src/parser.h:293:22: warning: unused parameter 'indent' [-Wunused-parameter]
  293 |         void get(int indent=0) const override {}
      |                  ~~~~^~~~~~~~
../src/parser.h: In member function 'virtual void FunctionCall::get(int) const':
../src/parser.h:359:22: warning: unused parameter 'indent' [-Wunused-parameter]
  359 |         void get(int indent = 0) const override {}
      |                  ~~~~^~~~~~~~~~
../src/parser.h: In member function 'virtual void VariableDeclaration::get(int) const':
../src/parser.h:379:30: warning: unused parameter 'indent' [-Wunused-parameter]
  379 |                 void get(int indent=0) const override {
      |                          ~~~~^~~~~~~~
../src/parser.h: In member function 'virtual void IntLiteral::get(int) const':
../src/parser.h:401:22: warning: unused parameter 'indent' [-Wunused-parameter]
  401 |         void get(int indent = 0) const override {}
      |                  ~~~~^~~~~~~~~~
../src/parser.h: In member function 'virtual void BoolLiteral::get(int) const':
../src/parser.h:415:22: warning: unused parameter 'indent' [-Wunused-parameter]
  415 |         void get(int indent = 0) const override {}
      |                  ~~~~^~~~~~~~~~
../src/parser.h: In member function 'virtual void FloatLiteral::get(int) const':
../src/parser.h:429:22: warning: unused parameter 'indent' [-Wunused-parameter]
  429 |         void get(int indent = 0) const override {}
      |                  ~~~~^~~~~~~~~~
../src/parser.h: In member function 'virtual void StringLiteral::get(int) const':
../src/parser.h:443:22: warning: unused parameter 'indent' [-Wunused-parameter]
  443 |         void get(int indent = 0) const override {}
      |                  ~~~~^~~~~~~~~~
../src/parser.h: In member function 'virtual void ListLiteral::get(int) const':
../src/parser.h:464:22: warning: unused parameter 'indent' [-Wunused-parameter]
  464 |         void get(int indent = 0) const override {}
      |                  ~~~~^~~~~~~~~~
../src/parser.h: In member function 'virtual void ListIndex::get(int) const':
../src/parser.h:499:22: warning: unused parameter 'indent' [-Wunused-parameter]
  499 |         void get(int indent = 0) const override {}
      |                  ~~~~^~~~~~~~~~
../src/parser.h: In member function 'virtual void Refrence::get(int) const':
../src/parser.h:509:22: warning: unused parameter 'indent' [-Wunused-parameter]
  509 |         void get(int indent = 0) const override {}
      |                  ~~~~^~~~~~~~~~
../src/parser.h: In member function 'virtual Expr* UnaryExpr::clone() const':
../src/parser.h:544:39: warning: no return statement in function returning non-void [-Wreturn-type]
  544 |         Expr* clone() const override {}
      |                                       ^
../src/parser.h: In constructor 'BinaryExpr::BinaryExpr(Expr*, std::string, Expr*)':
../src/parser.h:555:17: warning: 'BinaryExpr::op' will be initialized after [-Wreorder]
  555 |     std::string op;
      |                 ^~
../src/parser.h:554:11: warning:   'Expr* BinaryExpr::right' [-Wreorder]
  554 |     Expr* right;
      |           ^~~~~
../src/parser.h:556:9: warning:   when initialized here [-Wreorder]
  556 |         BinaryExpr(Expr* l, string o, Expr* r) : left(l), op(move(o)), right(r) {}
      |         ^~~~~~~~~~
../src/parser.h: In member function 'virtual void BinaryExpr::get(int) const':
../src/parser.h:558:22: warning: unused parameter 'indent' [-Wunused-parameter]
  558 |         void get(int indent = 0) const override {}
      |                  ~~~~^~~~~~~~~~
In file included from ../src/interpreter.h:1,
                 from ../src/functionCall.cpp:1:
../src/parser.h: In member function 'virtual Value ASTNode::eval()':
../src/parser.h:42:39: warning: no return statement in function returning non-void [-Wreturn-type]
   42 |                 virtual Value eval() {}; // pure virtual function for evaluation
      |                                       ^
../src/parser.h: In member function 'virtual Value Expr::eval()':
../src/parser.h:49:66: warning: no return statement in function returning non-void [-Wreturn-type]
   49 |                 Value eval() override { cout<<"Base Expression"; }; // pure virtual function for evaluation
      |                                                                  ^
../src/parser.h: In member function 'virtual void Expr::get(int) const':
../src/parser.h:52:30: warning: unused parameter 'indent' [-Wunused-parameter]
   52 |                 void get(int indent = 0) const override {}
      |                          ~~~~^~~~~~~~~~
../src/parser.h: In member function 'virtual void ImportStatement::get(int) const':
../src/parser.h:65:30: warning: unused parameter 'indent' [-Wunused-parameter]
   65 |                 void get(int indent=0) const override {
      |                          ~~~~^~~~~~~~
../src/parser.h: In member function 'virtual void PrintStatement::get(int) const':
../src/parser.h:80:30: warning: unused parameter 'indent' [-Wunused-parameter]
   80 |                 void get(int indent=0) const override {
      |                          ~~~~^~~~~~~~
../src/parser.h: In member function 'virtual void AssignStatement::get(int) const':
../src/parser.h:100:30: warning: unused parameter 'indent' [-Wunused-parameter]
  100 |                 void get(int indent=0) const override {
      |                          ~~~~^~~~~~~~
../src/parser.h: In constructor 'ForStatement::ForStatement(ASTNode*, Expr*, std::vector<ASTNode*>, ASTNode*)':
../src/parser.h:235:26: warning: 'ForStatement::init_block' will be initialized after [-Wreorder]
  235 |                 ASTNode *init_block,*assign_block;
      |                          ^~~~~~~~~~
../src/parser.h:233:23: warning:   'Expr* ForStatement::expr' [-Wreorder]
  233 |                 Expr* expr;
      |                       ^~~~
../src/parser.h:237:17: warning:   when initialized here [-Wreorder]
  237 |                 ForStatement(ASTNode* ib, Expr* e, vector<ASTNode*> block, ASTNode* ab) : init_block(ib), expr(e), block(block), assign_block(ab) {}
      |                 ^~~~~~~~~~~~
../src/parser.h: In member function 'virtual void InputStatement::get(int) const':
../src/parser.h:259:30: warning: unused parameter 'indent' [-Wunused-parameter]
  259 |                 void get(int indent=0) const override {
      |                          ~~~~^~~~~~~~
../src/parser.h: In member function 'virtual void ReturnStatement::get(int) const':
../src/parser.h:272:30: warning: unused parameter 'indent' [-Wunused-parameter]
  272 |                 void get(int indent=0) const override {
      |                          ~~~~^~~~~~~~
../src/parser.h: In member function 'virtual void FunctionDefinition::get(int) const':
../src/parser.h:293:22: warning: unused parameter 'indent' [-Wunused-parameter]
  293 |         void get(int indent=0) const override {}
      |                  ~~~~^~~~~~~~
../src/parser.h: In member function 'virtual void FunctionCall::get(int) const':
../src/parser.h:359:22: warning: unused parameter 'indent' [-Wunused-parameter]
  359 |         void get(int indent = 0) const override {}
      |                  ~~~~^~~~~~~~~~
../src/parser.h: In member function 'virtual void VariableDeclaration::get(int) const':
../src/parser.h:379:30: warning: unused parameter 'indent' [-Wunused-parameter]
  379 |                 void get(int indent=0) const override {
      |                          ~~~~^~~~~~~~
../src/parser.h: In member function 'virtual void IntLiteral::get(int) const':
../src/parser.h:401:22: warning: unused parameter 'indent' [-Wunused-parameter]
  401 |         void get(int indent = 0) const override {}
      |                  ~~~~^~~~~~~~~~
../src/parser.h: In member function 'virtual void BoolLiteral::get(int) const':
../src/parser.h:415:22: warning: unused parameter 'indent' [-Wunused-parameter]
  415 |         void get(int indent = 0) const override {}
      |                  ~~~~^~~~~~~~~~
../src/parser.h: In member function 'virtual void FloatLiteral::get(int) const':
../src/parser.h:429:22: warning: unused parameter 'indent' [-Wunused-parameter]
  429 |         void get(int indent = 0) const override {}
      |                  ~~~~^~~~~~~~~~
../src/parser.h: In member function 'virtual void StringLiteral::get(int) const':
../src/parser.h:443:22: warning: unused parameter 'indent' [-Wunused-parameter]
  443 |         void get(int indent = 0) const override {}
      |                  ~~~~^~~~~~~~~~
../src/parser.h: In member function 'virtual void ListLiteral::get(int) const':
../src/parser.h:464:22: warning: unused parameter 'indent' [-Wunused-parameter]
  464 |         void get(int indent = 0) const override {}
      |                  ~~~~^~~~~~~~~~
../src/parser.h: In member function 'virtual void ListIndex::get(int) const':
../src/parser.h:499:22: warning: unused parameter 'indent' [-Wunused-parameter]
  499 |         void get(int indent = 0) const override {}
      |                  ~~~~^~~~~~~~~~
../src/parser.h: In member function 'virtual void Refrence::get(int) const':
../src/parser.h:509:22: warning: unused parameter 'indent' [-Wunused-parameter]
  509 |         void get(int indent = 0) const override {}
      |                  ~~~~^~~~~~~~~~
../src/parser.h: In member function 'virtual Expr* UnaryExpr::clone() const':
../src/parser.h:544:39: warning: no return statement in function returning non-void [-Wreturn-type]
  544 |         Expr* clone() const override {}
      |                                       ^
../src/parser.h: In constructor 'BinaryExpr::BinaryExpr(Expr*, std::string, Expr*)':
../src/parser.h:555:17: warning: 'BinaryExpr::op' will be initialized after [-Wreorder]
  555 |     std::string op;
      |                 ^~
../src/parser.h:554:11: warning:   'Expr* BinaryExpr::right' [-Wreorder]
  554 |     Expr* right;
      |           ^~~~~
../src/parser.h:556:9: warning:   when initialized here [-Wreorder]
  556 |         BinaryExpr(Expr* l, string o, Expr* r) : left(l), op(move(o)), right(r) {}
      |         ^~~~~~~~~~
../src/parser.h: In member function 'virtual void BinaryExpr::get(int) const':
../src/parser.h:558:22: warning: unused parameter 'indent' [-Wunused-parameter]
  558 |         void get(int indent = 0) const override {}
      |                  ~~~~^~~~~~~~~~
In file included from ../src/bytecode_interpreter/compiler.h:2,
                 from ../src/bytecode_interpreter/compiler.cpp:1:
../src/bytecode_interpreter/../parser.h: In member function 'virtual Value ASTNode::eval()':
../src/bytecode_interpreter/../parser.h:42:39: warning: no return statement in function returning non-void [-Wreturn-type]
   42 |                 virtual Value eval() {}; // pure virtual function for evaluation
      |                                       ^
../src/bytecode_interpreter/../parser.h: In member function 'virtual Value Expr::eval()':
../src/bytecode_interpreter/../parser.h:49:66: warning: no return statement in function returning non-void [-Wreturn-type]
   49 |                 Value eval() override { cout<<"Base Expression"; }; // pure virtual function for evaluation
      |                                                                  ^
../src/bytecode_interpreter/../parser.h: In member function 'virtual void Expr::get(int) const':
../src/bytecode_interpreter/../parser.h:52:30: warning: unused parameter 'indent' [-Wunused-parameter]
   52 |                 void get(int indent = 0) const override {}
      |                          ~~~~^~~~~~~~~~
../src/bytecode_interpreter/../parser.h: In member function 'virtual void ImportStatement::get(int) const':
../src/bytecode_interpreter/../parser.h:65:30: warning: unused parameter 'indent' [-Wunused-parameter]
   65 |                 void get(int indent=0) const override {
      |                          ~~~~^~~~~~~~
../src/bytecode_interpreter/../parser.h: In member function 'virtual void PrintStatement::get(int) const':
../src/bytecode_interpreter/../parser.h:80:30: warning: unused parameter 'indent' [-Wunused-parameter]
   80 |                 void get(int indent=0) const override {
      |                          ~~~~^~~~~~~~
../src/bytecode_interpreter/../parser.h: In member function 'virtual void AssignStatement::get(int) const':
../src/bytecode_interpreter/../parser.h:100:30: warning: unused parameter 'indent' [-Wunused-parameter]
  100 |                 void get(int indent=0) const override {
      |                          ~~~~^~~~~~~~
../src/bytecode_interpreter/../parser.h: In constructor 'ForStatement::ForStatement(ASTNode*, Expr*, std::vector<ASTNode*>, ASTNode*)':
../src/bytecode_interpreter/../parser.h:235:26: warning: 'ForStatement::init_block' will be initialized after [-Wreorder]
  235 |                 ASTNode *init_block,*assign_block;
      |                          ^~~~~~~~~~
../src/bytecode_interpreter/../parser.h:233:23: warning:   'Expr* ForStatement::expr' [-Wreorder]
  233 |                 Expr* expr;
      |                       ^~~~
../src/bytecode_interpreter/../parser.h:237:17: warning:   when initialized here [-Wreorder]
  237 |                 ForStatement(ASTNode* ib, Expr* e, vector<ASTNode*> block, ASTNode* ab) : init_block(ib), expr(e), block(block), assign_block(ab) {}
      |                 ^~~~~~~~~~~~
../src/bytecode_interpreter/../parser.h: In member function 'virtual void InputStatement::get(int) const':
../src/bytecode_interpreter/../parser.h:259:30: warning: unused parameter 'indent' [-Wunused-parameter]
  259 |                 void get(int indent=0) const override {
      |                          ~~~~^~~~~~~~
../src/bytecode_interpreter/../parser.h: In member function 'virtual void ReturnStatement::get(int) const':
../src/bytecode_interpreter/../parser.h:272:30: warning: unused parameter 'indent' [-Wunused-parameter]
  272 |                 void get(int indent=0) const override {
      |                          ~~~~^~~~~~~~
../src/bytecode_interpreter/../parser.h: In member function 'virtual void FunctionDefinition::get(int) const':
../src/bytecode_interpreter/../parser.h:293:22: warning: unused parameter 'indent' [-Wunused-parameter]
  293 |         void get(int indent=0) const override {}
      |                  ~~~~^~~~~~~~
../src/bytecode_interpreter/../parser.h: In member function 'virtual void FunctionCall::get(int) const':
../src/bytecode_interpreter/../parser.h:359:22: warning: unused parameter 'indent' [-Wunused-parameter]
  359 |         void get(int indent = 0) const override {}
      |                  ~~~~^~~~~~~~~~
../src/bytecode_interpreter/../parser.h: In member function 'virtual void VariableDeclaration::get(int) const':
../src/bytecode_interpreter/../parser.h:379:30: warning: unused parameter 'indent' [-Wunused-parameter]
  379 |                 void get(int indent=0) const override {
      |                          ~~~~^~~~~~~~
../src/bytecode_interpreter/../parser.h: In member function 'virtual void IntLiteral::get(int) const':
../src/bytecode_interpreter/../parser.h:401:22: warning: unused parameter 'indent' [-Wunused-parameter]
  401 |         void get(int indent = 0) const override {}
      |                  ~~~~^~~~~~~~~~
../src/bytecode_interpreter/../parser.h: In member function 'virtual void BoolLiteral::get(int) const':
../src/bytecode_interpreter/../parser.h:415:22: warning: unused parameter 'indent' [-Wunused-parameter]
  415 |         void get(int indent = 0) const override {}
      |                  ~~~~^~~~~~~~~~
../src/bytecode_interpreter/../parser.h: In member function 'virtual void FloatLiteral::get(int) const':
../src/bytecode_interpreter/../parser.h:429:22: warning: unused parameter 'indent' [-Wunused-parameter]
  429 |         void get(int indent = 0) const override {}
      |                  ~~~~^~~~~~~~~~
../src/bytecode_interpreter/../parser.h: In member function 'virtual void StringLiteral::get(int) const':
../src/bytecode_interpreter/../parser.h:443:22: warning: unused parameter 'indent' [-Wunused-parameter]
  443 |         void get(int indent = 0) const override {}
      |                  ~~~~^~~~~~~~~~
../src/bytecode_interpreter/../parser.h: In member function 'virtual void ListLiteral::get(int) const':
../src/bytecode_interpreter/../parser.h:464:22: warning: unused parameter 'indent' [-Wunused-parameter]
  464 |         void get(int indent = 0) const override {}
      |                  ~~~~^~~~~~~~~~
../src/bytecode_interpreter/../parser.h: In member function 'virtual void ListIndex::get(int) const':
../src/bytecode_interpreter/../parser.h:499:22: warning: unused parameter 'indent' [-Wunused-parameter]
  499 |         void get(int indent = 0) const override {}
      |                  ~~~~^~~~~~~~~~
../src/bytecode_interpreter/../parser.h: In member function 'virtual void Refrence::get(int) const':
../src/bytecode_interpreter/../parser.h:509:22: warning: unused parameter 'indent' [-Wunused-parameter]
  509 |         void get(int indent = 0) const override {}
      |                  ~~~~^~~~~~~~~~
../src/bytecode_interpreter/../parser.h: In member function 'virtual Expr* UnaryExpr::clone() const':
../src/bytecode_interpreter/../parser.h:544:39: warning: no return statement in function returning non-void [-Wreturn-type]
  544 |         Expr* clone() const override {}
      |                                       ^
../src/bytecode_interpreter/../parser.h: In constructor 'BinaryExpr::BinaryExpr(Expr*, std::string, Expr*)':
../src/bytecode_interpreter/../parser.h:555:17: warning: 'BinaryExpr::op' will be initialized after [-Wreorder]
  555 |     std::string op;
      |                 ^~
../src/bytecode_interpreter/../parser.h:554:11: warning:   'Expr* BinaryExpr::right' [-Wreorder]
  554 |     Expr* right;
      |           ^~~~~
../src/bytecode_interpreter/../parser.h:556:9: warning:   when initialized here [-Wreorder]
  556 |         BinaryExpr(Expr* l, string o, Expr* r) : left(l), op(move(o)), right(r) {}
      |         ^~~~~~~~~~
../src/bytecode_interpreter/../parser.h: In member function 'virtual void BinaryExpr::get(int) const':
../src/bytecode_interpreter/../parser.h:558:22: warning: unused parameter 'indent' [-Wunused-parameter]
  558 |         void get(int indent = 0) const override {}
      |                  ~~~~^~~~~~~~~~
../src/bytecode_interpreter/compiler.cpp: In function 'void visualizeBytecode(const std::vector<unsigned char>&)':
../src/bytecode_interpreter/compiler.cpp:142:10: warning: unused variable 'store_var' [-Wunused-variable]
  142 |     bool store_var = false;
      |          ^~~~~~~~~
../src/bytecode_interpreter/compiler.cpp: In function 'void declareVariableType(const std::string&, VarType)':
../src/bytecode_interpreter/compiler.cpp:323:40: warning: unused parameter 'name' [-Wunused-parameter]
  323 | void declareVariableType(const string& name, VarType type) {
      |                          ~~~~~~~~~~~~~~^~~~
In file included from ../src/bytecode_interpreter/compiler.h:2,
                 from ../src/bytecode_interpreter/vm.h:13,
                 from ../src/bytecode_interpreter/vm.cpp:1:
../src/bytecode_interpreter/../parser.h: In member function 'virtual Value ASTNode::eval()':
../src/bytecode_interpreter/../parser.h:42:39: warning: no return statement in function returning non-void [-Wreturn-type]
   42 |                 virtual Value eval() {}; // pure virtual function for evaluation
      |                                       ^
../src/bytecode_interpreter/../parser.h: In member function 'virtual Value Expr::eval()':
../src/bytecode_interpreter/../parser.h:49:66: warning: no return statement in function returning non-void [-Wreturn-type]
   49 |                 Value eval() override { cout<<"Base Expression"; }; // pure virtual function for evaluation
      |                                                                  ^
../src/bytecode_interpreter/../parser.h: In member function 'virtual void Expr::get(int) const':
../src/bytecode_interpreter/../parser.h:52:30: warning: unused parameter 'indent' [-Wunused-parameter]
   52 |                 void get(int indent = 0) const override {}
      |                          ~~~~^~~~~~~~~~
../src/bytecode_interpreter/../parser.h: In member function 'virtual void ImportStatement::get(int) const':
../src/bytecode_interpreter/../parser.h:65:30: warning: unused parameter 'indent' [-Wunused-parameter]
   65 |                 void get(int indent=0) const override {
      |                          ~~~~^~~~~~~~
../src/bytecode_interpreter/../parser.h: In member function 'virtual void PrintStatement::get(int) const':
../src/bytecode_interpreter/../parser.h:80:30: warning: unused parameter 'indent' [-Wunused-parameter]
   80 |                 void get(int indent=0) const override {
      |                          ~~~~^~~~~~~~
../src/bytecode_interpreter/../parser.h: In member function 'virtual void AssignStatement::get(int) const':
../src/bytecode_interpreter/../parser.h:100:30: warning: unused parameter 'indent' [-Wunused-parameter]
  100 |                 void get(int indent=0) const override {
      |                          ~~~~^~~~~~~~
../src/bytecode_interpreter/../parser.h: In constructor 'ForStatement::ForStatement(ASTNode*, Expr*, std::vector<ASTNode*>, ASTNode*)':
../src/bytecode_interpreter/../parser.h:235:26: warning: 'ForStatement::init_block' will be initialized after [-Wreorder]
  235 |                 ASTNode *init_block,*assign_block;
      |                          ^~~~~~~~~~
../src/bytecode_interpreter/../parser.h:233:23: warning:   'Expr* ForStatement::expr' [-Wreorder]
  233 |                 Expr* expr;
      |                       ^~~~
../src/bytecode_interpreter/../parser.h:237:17: warning:   when initialized here [-Wreorder]
  237 |                 ForStatement(ASTNode* ib, Expr* e, vector<ASTNode*> block, ASTNode* ab) : init_block(ib), expr(e), block(block), assign_block(ab) {}
      |                 ^~~~~~~~~~~~
../src/bytecode_interpreter/../parser.h: In member function 'virtual void InputStatement::get(int) const':
../src/bytecode_interpreter/../parser.h:259:30: warning: unused parameter 'indent' [-Wunused-parameter]
  259 |                 void get(int indent=0) const override {
      |                          ~~~~^~~~~~~~
../src/bytecode_interpreter/../parser.h: In member function 'virtual void ReturnStatement::get(int) const':
../src/bytecode_interpreter/../parser.h:272:30: warning: unused parameter 'indent' [-Wunused-parameter]
  272 |                 void get(int indent=0) const override {
      |                          ~~~~^~~~~~~~
../src/bytecode_interpreter/../parser.h: In member function 'virtual void FunctionDefinition::get(int) const':
../src/bytecode_interpreter/../parser.h:293:22: warning: unused parameter 'indent' [-Wunused-parameter]
  293 |         void get(int indent=0) const override {}
      |                  ~~~~^~~~~~~~
../src/bytecode_interpreter/../parser.h: In member function 'virtual void FunctionCall::get(int) const':
../src/bytecode_interpreter/../parser.h:359:22: warning: unused parameter 'indent' [-Wunused-parameter]
  359 |         void get(int indent = 0) const override {}
      |                  ~~~~^~~~~~~~~~
../src/bytecode_interpreter/../parser.h: In member function 'virtual void VariableDeclaration::get(int) const':
../src/bytecode_interpreter/../parser.h:379:30: warning: unused parameter 'indent' [-Wunused-parameter]
  379 |                 void get(int indent=0) const override {
      |                          ~~~~^~~~~~~~
../src/bytecode_interpreter/../parser.h: In member function 'virtual void IntLiteral::get(int) const':
../src/bytecode_interpreter/../parser.h:401:22: warning: unused parameter 'indent' [-Wunused-parameter]
  401 |         void get(int indent = 0) const override {}
      |                  ~~~~^~~~~~~~~~
../src/bytecode_interpreter/../parser.h: In member function 'virtual void BoolLiteral::get(int) const':
../src/bytecode_interpreter/../parser.h:415:22: warning: unused parameter 'indent' [-Wunused-parameter]
  415 |         void get(int indent = 0) const override {}
      |                  ~~~~^~~~~~~~~~
../src/bytecode_interpreter/../parser.h: In member function 'virtual void FloatLiteral::get(int) const':
../src/bytecode_interpreter/../parser.h:429:22: warning: unused parameter 'indent' [-Wunused-parameter]
  429 |         void get(int indent = 0) const override {}
      |                  ~~~~^~~~~~~~~~
../src/bytecode_interpreter/../parser.h: In member function 'virtual void StringLiteral::get(int) const':
../src/bytecode_interpreter/../parser.h:443:22: warning: unused parameter 'indent' [-Wunused-parameter]
  443 |         void get(int indent = 0) const override {}
      |                  ~~~~^~~~~~~~~~
../src/bytecode_interpreter/../parser.h: In member function 'virtual void ListLiteral::get(int) const':
../src/bytecode_interpreter/../parser.h:464:22: warning: unused parameter 'indent' [-Wunused-parameter]
  464 |         void get(int indent = 0) const override {}
      |                  ~~~~^~~~~~~~~~
../src/bytecode_interpreter/../parser.h: In member function 'virtual void ListIndex::get(int) const':
../src/bytecode_interpreter/../parser.h:499:22: warning: unused parameter 'indent' [-Wunused-parameter]
  499 |         void get(int indent = 0) const override {}
      |                  ~~~~^~~~~~~~~~
../src/bytecode_interpreter/../parser.h: In member function 'virtual void Refrence::get(int) const':
../src/bytecode_interpreter/../parser.h:509:22: warning: unused parameter 'indent' [-Wunused-parameter]
  509 |         void get(int indent = 0) const override {}
      |                  ~~~~^~~~~~~~~~
../src/bytecode_interpreter/../parser.h: In member function 'virtual Expr* UnaryExpr::clone() const':
../src/bytecode_interpreter/../parser.h:544:39: warning: no return statement in function returning non-void [-Wreturn-type]
  544 |         Expr* clone() const override {}
      |                                       ^
../src/bytecode_interpreter/../parser.h: In constructor 'BinaryExpr::BinaryExpr(Expr*, std::string, Expr*)':
../src/bytecode_interpreter/../parser.h:555:17: warning: 'BinaryExpr::op' will be initialized after [-Wreorder]
  555 |     std::string op;
      |                 ^~
../src/bytecode_interpreter/../parser.h:554:11: warning:   'Expr* BinaryExpr::right' [-Wreorder]
  554 |     Expr* right;
      |           ^~~~~
../src/bytecode_interpreter/../parser.h:556:9: warning:   when initialized here [-Wreorder]
  556 |         BinaryExpr(Expr* l, string o, Expr* r) : left(l), op(move(o)), right(r) {}
      |         ^~~~~~~~~~
../src/bytecode_interpreter/../parser.h: In member function 'virtual void BinaryExpr::get(int) const':
../src/bytecode_interpreter/../parser.h:558:22: warning: unused parameter 'indent' [-Wunused-parameter]
  558 |         void get(int indent = 0) const override {}
      |                  ~~~~^~~~~~~~~~
../src/bytecode_interpreter/native_libs/VMstdlib.cpp: In lambda function:
../src/bytecode_interpreter/native_libs/VMstdlib.cpp:27:111: warning: unused parameter 'listPool' [-Wunused-parameter]
   27 |     {"intreg", [](vector<VMValue>& stack, uint32_t argc, vector<string>& stringPool, vector<vector<VMValue>>& listPool) {
      |                                                                                      ~~~~~~~~~~~~~~~~~~~~~~~~~^~~~~~~~
../src/bytecode_interpreter/native_libs/VMstdlib.cpp: In lambda function:
../src/bytecode_interpreter/native_libs/VMstdlib.cpp:49:109: warning: unused parameter 'listPool' [-Wunused-parameter]
   49 |     {"real", [](vector<VMValue>& stack, uint32_t argc, vector<string>& stringPool, vector<vector<VMValue>>& listPool) {
      |                                                                                    ~~~~~~~~~~~~~~~~~~~~~~~~~^~~~~~~~
../src/bytecode_interpreter/native_libs/VMstdlib.cpp: In lambda function:
../src/bytecode_interpreter/native_libs/VMstdlib.cpp:71:36: warning: unused parameter 'stack' [-Wunused-parameter]
   71 |     {"oprire", [](vector<VMValue>& stack, uint32_t argc, vector<string>& stringPool, vector<vector<VMValue>>& listPool) {
      |                   ~~~~~~~~~~~~~~~~~^~~~~
../src/bytecode_interpreter/native_libs/VMstdlib.cpp:71:52: warning: unused parameter 'argc' [-Wunused-parameter]
   71 |     {"oprire", [](vector<VMValue>& stack, uint32_t argc, vector<string>& stringPool, vector<vector<VMValue>>& listPool) {
      |                                           ~~~~~~~~~^~~~
../src/bytecode_interpreter/native_libs/VMstdlib.cpp:71:74: warning: unused parameter 'stringPool' [-Wunused-parameter]
   71 |     {"oprire", [](vector<VMValue>& stack, uint32_t argc, vector<string>& stringPool, vector<vector<VMValue>>& listPool) {
      |                                                          ~~~~~~~~~~~~~~~~^~~~~~~~~~
../src/bytecode_interpreter/native_libs/VMstdlib.cpp:71:111: warning: unused parameter 'listPool' [-Wunused-parameter]
   71 |     {"oprire", [](vector<VMValue>& stack, uint32_t argc, vector<string>& stringPool, vector<vector<VMValue>>& listPool) {
      |                                                                                      ~~~~~~~~~~~~~~~~~~~~~~~~~^~~~~~~~
../src/bytecode_interpreter/native_libs/VMstdlib.cpp: In lambda function:
../src/bytecode_interpreter/native_libs/VMstdlib.cpp:94:57: warning: narrowing conversion of 'listIndex' from 'uint32_t' {aka 'unsigned int'} to 'int32_t' {aka 'int'} [-Wnarrowing]
   94 |             stack.push_back(VMValue{VAL_LIST, .asList = listIndex});
      |                                                         ^~~~~~~~~
../src/bytecode_interpreter/native_libs/VMstdlib.cpp:105:63: warning: narrowing conversion of 'stringIndex' from 'uint32_t' {aka 'unsigned int'} to 'int32_t' {aka 'int'} [-Wnarrowing]
  105 |                 vec.push_back(VMValue{VAL_STRING, .asString = stringIndex});
      |                                                               ^~~~~~~~~~~
../src/bytecode_interpreter/native_libs/VMstdlib.cpp:111:57: warning: narrowing conversion of 'listIndex' from 'uint32_t' {aka 'unsigned int'} to 'int32_t' {aka 'int'} [-Wnarrowing]
  111 |             stack.push_back(VMValue{VAL_LIST, .asList = listIndex});
      |                                                         ^~~~~~~~~
../src/bytecode_interpreter/native_libs/VMstdlib.cpp: In lambda function:
../src/bytecode_interpreter/native_libs/VMstdlib.cpp:118:110: warning: unused parameter 'listPool' [-Wunused-parameter]
  118 |     {"logic", [](vector<VMValue>& stack, uint32_t argc, vector<string>& stringPool, vector<vector<VMValue>>& listPool) {
      |                                                                                     ~~~~~~~~~~~~~~~~~~~~~~~~~^~~~~~~~
../src/bytecode_interpreter/native_libs/VMstdlib.cpp: In lambda function:
../src/bytecode_interpreter/native_libs/VMstdlib.cpp:181:57: warning: narrowing conversion of 'stringIndex' from 'uint32_t' {aka 'unsigned int'} to 'int32_t' {aka 'int'} [-Wnarrowing]
  181 |         stack.push_back(VMValue{VAL_STRING, .asString = stringIndex});
      |                                                         ^~~~~~~~~~~
../src/bytecode_interpreter/native_libs/VMstdlib.cpp: In lambda function:
../src/bytecode_interpreter/native_libs/VMstdlib.cpp:238:57: warning: narrowing conversion of 'stringIndex' from 'uint32_t' {aka 'unsigned int'} to 'int32_t' {aka 'int'} [-Wnarrowing]
  238 |         stack.push_back(VMValue{VAL_STRING, .asString = stringIndex});
      |                                                         ^~~~~~~~~~~
../src/bytecode_interpreter/native_libs/VMstdlib.cpp:211:108: warning: unused parameter 'listPool' [-Wunused-parameter]
  211 |     {"tip", [](vector<VMValue>& stack, uint32_t argc, vector<string>& stringPool, vector<vector<VMValue>>& listPool) {
      |                                                                                   ~~~~~~~~~~~~~~~~~~~~~~~~~^~~~~~~~
../src/bytecode_interpreter/native_libs/VMstdlib.cpp: In lambda function:
../src/bytecode_interpreter/native_libs/VMstdlib.cpp:262:57: warning: narrowing conversion of 'stringIndex' from 'uint32_t' {aka 'unsigned int'} to 'int32_t' {aka 'int'} [-Wnarrowing]
  262 |         stack.push_back(VMValue{VAL_STRING, .asString = stringIndex});
      |                                                         ^~~~~~~~~~~
../src/bytecode_interpreter/native_libs/VMstdlib.cpp:241:112: warning: unused parameter 'listPool' [-Wunused-parameter]
  241 |     {"citeste", [](vector<VMValue>& stack, uint32_t argc, vector<string>& stringPool, vector<vector<VMValue>>& listPool) {
      |                                                                                       ~~~~~~~~~~~~~~~~~~~~~~~~~^~~~~~~~
../src/bytecode_interpreter/native_libs/VMstdmatematica.cpp: In lambda function:
../src/bytecode_interpreter/native_libs/VMstdmatematica.cpp:5:73: warning: unused parameter 'stringPool' [-Wunused-parameter]
    5 |     {"minim", [](vector<VMValue>& stack, uint32_t argc, vector<string>& stringPool, vector<vector<VMValue>>& listPool) {
      |                                                         ~~~~~~~~~~~~~~~~^~~~~~~~~~
../src/bytecode_interpreter/native_libs/VMstdmatematica.cpp:5:110: warning: unused parameter 'listPool' [-Wunused-parameter]
    5 |     {"minim", [](vector<VMValue>& stack, uint32_t argc, vector<string>& stringPool, vector<vector<VMValue>>& listPool) {
      |                                                                                     ~~~~~~~~~~~~~~~~~~~~~~~~~^~~~~~~~
../src/bytecode_interpreter/native_libs/VMstdmatematica.cpp: In lambda function:
../src/bytecode_interpreter/native_libs/VMstdmatematica.cpp:28:73: warning: unused parameter 'stringPool' [-Wunused-parameter]
   28 |     {"maxim", [](vector<VMValue>& stack, uint32_t argc, vector<string>& stringPool, vector<vector<VMValue>>& listPool) {
      |                                                         ~~~~~~~~~~~~~~~~^~~~~~~~~~
../src/bytecode_interpreter/native_libs/VMstdmatematica.cpp:28:110: warning: unused parameter 'listPool' [-Wunused-parameter]
   28 |     {"maxim", [](vector<VMValue>& stack, uint32_t argc, vector<string>& stringPool, vector<vector<VMValue>>& listPool) {
      |                                                                                     ~~~~~~~~~~~~~~~~~~~~~~~~~^~~~~~~~
../src/bytecode_interpreter/native_libs/VMstdmatematica.cpp: In lambda function:
../src/bytecode_interpreter/native_libs/VMstdmatematica.cpp:51:71: warning: unused parameter 'stringPool' [-Wunused-parameter]
   51 |     {"abs", [](vector<VMValue>& stack, uint32_t argc, vector<string>& stringPool, vector<vector<VMValue>>& listPool) {
      |                                                       ~~~~~~~~~~~~~~~~^~~~~~~~~~
../src/bytecode_interpreter/native_libs/VMstdmatematica.cpp:51:108: warning: unused parameter 'listPool' [-Wunused-parameter]
   51 |     {"abs", [](vector<VMValue>& stack, uint32_t argc, vector<string>& stringPool, vector<vector<VMValue>>& listPool) {
      |                                                                                   ~~~~~~~~~~~~~~~~~~~~~~~~~^~~~~~~~
../src/bytecode_interpreter/native_libs/VMstdmatematica.cpp: In lambda function:
../src/bytecode_interpreter/native_libs/VMstdmatematica.cpp:72:74: warning: unused parameter 'stringPool' [-Wunused-parameter]
   72 |     {"putere", [](vector<VMValue>& stack, uint32_t argc, vector<string>& stringPool, vector<vector<VMValue>>& listPool) {
      |                                                          ~~~~~~~~~~~~~~~~^~~~~~~~~~
../src/bytecode_interpreter/native_libs/VMstdmatematica.cpp:72:111: warning: unused parameter 'listPool' [-Wunused-parameter]
   72 |     {"putere", [](vector<VMValue>& stack, uint32_t argc, vector<string>& stringPool, vector<vector<VMValue>>& listPool) {
      |                                                                                      ~~~~~~~~~~~~~~~~~~~~~~~~~^~~~~~~~
../src/bytecode_interpreter/native_libs/VMstdmatematica.cpp: In lambda function:
../src/bytecode_interpreter/native_libs/VMstdmatematica.cpp:96:70: warning: unused parameter 'stringPool' [-Wunused-parameter]
   96 |     {"pi", [](vector<VMValue>& stack, uint32_t argc, vector<string>& stringPool, vector<vector<VMValue>>& listPool) {
      |                                                      ~~~~~~~~~~~~~~~~^~~~~~~~~~
../src/bytecode_interpreter/native_libs/VMstdmatematica.cpp:96:107: warning: unused parameter 'listPool' [-Wunused-parameter]
   96 |     {"pi", [](vector<VMValue>& stack, uint32_t argc, vector<string>& stringPool, vector<vector<VMValue>>& listPool) {
      |                                                                                  ~~~~~~~~~~~~~~~~~~~~~~~~~^~~~~~~~
../src/bytecode_interpreter/native_libs/VMstdmatematica.cpp: In lambda function:
../src/bytecode_interpreter/native_libs/VMstdmatematica.cpp:103:71: warning: unused parameter 'stringPool' [-Wunused-parameter]
  103 |     {"cos", [](vector<VMValue>& stack, uint32_t argc, vector<string>& stringPool, vector<vector<VMValue>>& listPool) {
      |                                                       ~~~~~~~~~~~~~~~~^~~~~~~~~~
../src/bytecode_interpreter/native_libs/VMstdmatematica.cpp:103:108: warning: unused parameter 'listPool' [-Wunused-parameter]
  103 |     {"cos", [](vector<VMValue>& stack, uint32_t argc, vector<string>& stringPool, vector<vector<VMValue>>& listPool) {
      |                                                                                   ~~~~~~~~~~~~~~~~~~~~~~~~~^~~~~~~~
../src/bytecode_interpreter/native_libs/VMstdmatematica.cpp: In lambda function:
../src/bytecode_interpreter/native_libs/VMstdmatematica.cpp:124:71: warning: unused parameter 'stringPool' [-Wunused-parameter]
  124 |     {"sin", [](vector<VMValue>& stack, uint32_t argc, vector<string>& stringPool, vector<vector<VMValue>>& listPool) {
      |                                                       ~~~~~~~~~~~~~~~~^~~~~~~~~~
../src/bytecode_interpreter/native_libs/VMstdmatematica.cpp:124:108: warning: unused parameter 'listPool' [-Wunused-parameter]
  124 |     {"sin", [](vector<VMValue>& stack, uint32_t argc, vector<string>& stringPool, vector<vector<VMValue>>& listPool) {
      |                                                                                   ~~~~~~~~~~~~~~~~~~~~~~~~~^~~~~~~~
../src/bytecode_interpreter/native_libs/VMstdmatematica.cpp: In lambda function:
../src/bytecode_interpreter/native_libs/VMstdmatematica.cpp:145:71: warning: unused parameter 'stringPool' [-Wunused-parameter]
  145 |     {"tan", [](vector<VMValue>& stack, uint32_t argc, vector<string>& stringPool, vector<vector<VMValue>>& listPool) {
      |                                                       ~~~~~~~~~~~~~~~~^~~~~~~~~~
../src/bytecode_interpreter/native_libs/VMstdmatematica.cpp:145:108: warning: unused parameter 'listPool' [-Wunused-parameter]
  145 |     {"tan", [](vector<VMValue>& stack, uint32_t argc, vector<string>& stringPool, vector<vector<VMValue>>& listPool) {
      |                                                                                   ~~~~~~~~~~~~~~~~~~~~~~~~~^~~~~~~~
../src/bytecode_interpreter/native_libs/VMstdmatematica.cpp: In lambda function:
../src/bytecode_interpreter/native_libs/VMstdmatematica.cpp:166:71: warning: unused parameter 'stringPool' [-Wunused-parameter]
  166 |     {"log", [](vector<VMValue>& stack, uint32_t argc, vector<string>& stringPool, vector<vector<VMValue>>& listPool) {
      |                                                       ~~~~~~~~~~~~~~~~^~~~~~~~~~
../src/bytecode_interpreter/native_libs/VMstdmatematica.cpp:166:108: warning: unused parameter 'listPool' [-Wunused-parameter]
  166 |     {"log", [](vector<VMValue>& stack, uint32_t argc, vector<string>& stringPool, vector<vector<VMValue>>& listPool) {
      |                                                                                   ~~~~~~~~~~~~~~~~~~~~~~~~~^~~~~~~~
../src/bytecode_interpreter/native_libs/VMstdmatematica.cpp: In lambda function:
../src/bytecode_interpreter/native_libs/VMstdmatematica.cpp:187:77: warning: unused parameter 'stringPool' [-Wunused-parameter]
  187 |     {"factorial", [](vector<VMValue>& stack, uint32_t argc, vector<string>& stringPool, vector<vector<VMValue>>& listPool) {
      |                                                             ~~~~~~~~~~~~~~~~^~~~~~~~~~
../src/bytecode_interpreter/native_libs/VMstdmatematica.cpp:187:114: warning: unused parameter 'listPool' [-Wunused-parameter]
  187 |     {"factorial", [](vector<VMValue>& stack, uint32_t argc, vector<string>& stringPool, vector<vector<VMValue>>& listPool) {
      |                                                                                         ~~~~~~~~~~~~~~~~~~~~~~~~~^~~~~~~~
../src/bytecode_interpreter/native_libs/VMstdmatematica.cpp: In lambda function:
../src/bytecode_interpreter/native_libs/VMstdmatematica.cpp:215:72: warning: unused parameter 'stringPool' [-Wunused-parameter]
  215 |     {"suma", [](vector<VMValue>& stack, uint32_t argc, vector<string>& stringPool, vector<vector<VMValue>>& listPool) {
      |                                                        ~~~~~~~~~~~~~~~~^~~~~~~~~~
../src/bytecode_interpreter/native_libs/VMstdmatematica.cpp: In lambda function:
../src/bytecode_interpreter/native_libs/VMstdmatematica.cpp:248:73: warning: unused parameter 'stringPool' [-Wunused-parameter]
  248 |     {"medie", [](vector<VMValue>& stack, uint32_t argc, vector<string>& stringPool, vector<vector<VMValue>>& listPool) {
      |                                                         ~~~~~~~~~~~~~~~~^~~~~~~~~~
../src/bytecode_interpreter/native_libs/VMstdmatematica.cpp: In lambda function:
../src/bytecode_interpreter/native_libs/VMstdmatematica.cpp:281:72: warning: unused parameter 'stringPool' [-Wunused-parameter]
  281 |     {"radp", [](vector<VMValue>& stack, uint32_t argc, vector<string>& stringPool, vector<vector<VMValue>>& listPool) {
      |                                                        ~~~~~~~~~~~~~~~~^~~~~~~~~~
../src/bytecode_interpreter/native_libs/VMstdmatematica.cpp:281:109: warning: unused parameter 'listPool' [-Wunused-parameter]
  281 |     {"radp", [](vector<VMValue>& stack, uint32_t argc, vector<string>& stringPool, vector<vector<VMValue>>& listPool) {
      |                                                                                    ~~~~~~~~~~~~~~~~~~~~~~~~~^~~~~~~~
../src/bytecode_interpreter/native_libs/VMstdfisier.cpp: In lambda function:
../src/bytecode_interpreter/native_libs/VMstdfisier.cpp:32:57: warning: narrowing conversion of 'stringIndex' from 'uint32_t' {aka 'unsigned int'} to 'int32_t' {aka 'int'} [-Wnarrowing]
   32 |         stack.push_back(VMValue{VAL_STRING, .asString = stringIndex});
      |                                                         ^~~~~~~~~~~
../src/bytecode_interpreter/native_libs/VMstdfisier.cpp:5:119: warning: unused parameter 'listPool' [-Wunused-parameter]
    5 |     {"citeste_fisier", [](vector<VMValue>& stack, uint32_t argc, vector<string>& stringPool, vector<vector<VMValue>>& listPool) {
      |                                                                                              ~~~~~~~~~~~~~~~~~~~~~~~~~^~~~~~~~
../src/bytecode_interpreter/native_libs/VMstdfisier.cpp: In lambda function:
../src/bytecode_interpreter/native_libs/VMstdfisier.cpp:35:117: warning: unused parameter 'listPool' [-Wunused-parameter]
   35 |     {"scrie_fisier", [](vector<VMValue>& stack, uint32_t argc, vector<string>& stringPool, vector<vector<VMValue>>& listPool) {
      |                                                                                            ~~~~~~~~~~~~~~~~~~~~~~~~~^~~~~~~~
../src/bytecode_interpreter/native_libs/VMstdvector.cpp: In lambda function:
../src/bytecode_interpreter/native_libs/VMstdvector.cpp:62:53: warning: narrowing conversion of 'listIndex' from 'uint32_t' {aka 'unsigned int'} to 'int32_t' {aka 'int'} [-Wnarrowing]
   62 |         stack.push_back(VMValue{VAL_LIST, .asList = listIndex});
      |                                                     ^~~~~~~~~
../src/bytecode_interpreter/native_libs/VMstdvector.cpp:36:75: warning: unused parameter 'stringPool' [-Wunused-parameter]
   36 |     {"alipire", [](vector<VMValue>& stack, uint32_t argc, vector<string>& stringPool, vector<vector<VMValue>>& listPool) {
      |                                                           ~~~~~~~~~~~~~~~~^~~~~~~~~~
../src/bytecode_interpreter/native_libs/VMstdvector.cpp: In lambda function:
../src/bytecode_interpreter/native_libs/VMstdvector.cpp:145:32: warning: comparison of integer expressions of different signedness: 'int32_t' {aka 'int'} and 'std::vector<VMValue>::size_type' {aka 'long long unsigned int'} [-Wsign-compare]
  145 |         if (index < 0 || index >= vec.size())
      |                          ~~~~~~^~~~~~~~~~~~~
../src/bytecode_interpreter/native_libs/VMstdvector.cpp:124:80: warning: unused parameter 'stringPool' [-Wunused-parameter]
  124 |     {"sterge_index", [](vector<VMValue>& stack, uint32_t argc, vector<string>& stringPool, vector<vector<VMValue>>& listPool) {
      |                                                                ~~~~~~~~~~~~~~~~^~~~~~~~~~
../src/bytecode_interpreter/native_libs/VMstdvector.cpp: In lambda function:
../src/bytecode_interpreter/native_libs/VMstdvector.cpp:153:76: warning: unused parameter 'stringPool' [-Wunused-parameter]
  153 |     {"inserare", [](vector<VMValue>& stack, uint32_t argc, vector<string>& stringPool, vector<vector<VMValue>>& listPool) {
      |                                                            ~~~~~~~~~~~~~~~~^~~~~~~~~~
../src/bytecode_interpreter/native_libs/VMstdvector.cpp: In lambda function:
../src/bytecode_interpreter/native_libs/VMstdvector.cpp:185:77: warning: unused parameter 'stringPool' [-Wunused-parameter]
  185 |     {"inversare", [](vector<VMValue>& stack, uint32_t argc, vector<string>& stringPool, vector<vector<VMValue>>& listPool) {
      |                                                             ~~~~~~~~~~~~~~~~^~~~~~~~~~
../src/bytecode_interpreter/native_libs/VMstdvector.cpp: In lambda function:
../src/bytecode_interpreter/native_libs/VMstdvector.cpp:305:74: warning: unused parameter 'stringPool' [-Wunused-parameter]
  305 |     {"adauga", [](vector<VMValue>& stack, uint32_t argc, vector<string>& stringPool, vector<vector<VMValue>>& listPool) {
      |                                                          ~~~~~~~~~~~~~~~~^~~~~~~~~~
